azurex0@nginx:~$ sudo apt-get update
Hit:1 http://azure.archive.ubuntu.com/ubuntu noble InRelease
Hit:2 http://azure.archive.ubuntu.com/ubuntu noble-updates InRelease
Hit:3 http://azure.archive.ubuntu.com/ubuntu noble-backports InRelease
Hit:4 http://azure.archive.ubuntu.com/ubuntu noble-security InRelease
Reading package lists... Done
azurex0@nginx:~$ nginx -v
Command 'nginx' not found, but can be installed with:
sudo apt install nginx
azurex0@nginx:~$ sudo apt install nginx -y
Reading package lists... Done
Building dependency tree... Done
Reading state information... Done
The following additional packages will be installed:
  nginx-common
Suggested packages:
  fcgiwrap nginx-doc ssl-cert
The following NEW packages will be installed:
  nginx nginx-common
0 upgraded, 2 newly installed, 0 to remove and 61 not upgraded.
Need to get 552 kB of archives.
After this operation, 1596 kB of additional disk space will be used.
Get:1 http://azure.archive.ubuntu.com/ubuntu noble-updates/main amd64 nginx-common all 1.24.0-2ubuntu7.1 [31.2 kB]
Get:2 http://azure.archive.ubuntu.com/ubuntu noble-updates/main amd64 nginx amd64 1.24.0-2ubuntu7.1 [521 kB]
Fetched 552 kB in 0s (2684 kB/s)
Preconfiguring packages ...
Selecting previously unselected package nginx-common.
(Reading database ... 67379 files and directories currently installed.)
Preparing to unpack .../nginx-common_1.24.0-2ubuntu7.1_all.deb ...
Unpacking nginx-common (1.24.0-2ubuntu7.1) ...
Selecting previously unselected package nginx.
Preparing to unpack .../nginx_1.24.0-2ubuntu7.1_amd64.deb ...
Unpacking nginx (1.24.0-2ubuntu7.1) ...
Setting up nginx (1.24.0-2ubuntu7.1) ...
Setting up nginx-common (1.24.0-2ubuntu7.1) ...
Created symlink /etc/systemd/system/multi-user.target.wants/nginx.service → /usr/lib/systemd/system/nginx.service.
Processing triggers for ufw (0.36.2-6) ...
Processing triggers for man-db (2.12.0-4build2) ...
Scanning processes...
Scanning linux images...

Running kernel seems to be up-to-date.

No services need to be restarted.

No containers need to be restarted.

No user sessions are running outdated binaries.

No VM guests are running outdated hypervisor (qemu) binaries on this host.
azurex0@nginx:~$ nginx -v
nginx version: nginx/1.24.0 (Ubuntu)
azurex0@nginx:~$ sudo systemctl enable nginx
Synchronizing state of nginx.service with SysV service script with /usr/lib/systemd/systemd-sysv-install.
Executing: /usr/lib/systemd/systemd-sysv-install enable nginx
azurex0@nginx:~$ sudo systemctl status nginx
● nginx.service - A high performance web server and a reverse proxy server
     Loaded: loaded (/usr/lib/systemd/system/nginx.service; enabled; preset: enabled)
     Active: active (running) since Sat 2024-12-21 03:46:30 UTC; 1min 30s ago
       Docs: man:nginx(8)
   Main PID: 3240 (nginx)
      Tasks: 3 (limit: 9459)
     Memory: 2.4M (peak: 2.5M)
        CPU: 16ms
     CGroup: /system.slice/nginx.service
             ├─3240 "nginx: master process /usr/sbin/nginx -g daemon on; master_process on;"
             ├─3241 "nginx: worker process"
             └─3242 "nginx: worker process"
